C51 COMPILER V9.57.0.0   DELAY                                                             05/21/2024 16:11:27 PAGE 1   


C51 COMPILER V9.57.0.0, COMPILATION OF MODULE DELAY
OBJECT MODULE PLACED IN .\Objects\delay.obj
COMPILER INVOKED BY: C:\Keil_v5\C51\BIN\C51.EXE delay.c OMF2 OPTIMIZE(8,SPEED) BROWSE DEBUG PRINT(.\Listings\delay.lst) 
                    -OBJECT(.\Objects\delay.obj)

line level    source

   1          /********************************************************************
   2           * File: delay.h
   3           * Description: Delay function library based on 11.0592MHz
   4           * crystal oscillator.
   5           * Version: 1.0
   6           * Date: 2023-07-17
   7           * Author: zhengxinyu13@gmail.com
   8           * ---------- Revision History ----------
   9           * <version> <date> <author> <desc>
  10           * 
  11           ********************************************************************/
  12          
  13          #include "delay.h"
  14          
  15          /**
  16           * @brief Delay function in milliseconds.
  17           * @param Enter the delay time in milliseconds.
  18           */
  19          void delay_ms(uint16_t xms)
  20          {
  21   1          uint16_t i,j;
  22   1          for (i = 0; i < xms; i++)
  23   1              for (j = 0; j < 112; j++);
  24   1      }
  25          
  26          /**
  27           * @brief Delay by one second.
  28           */
  29          void delay_1s(void)
  30          {
  31   1          uint8_t i, j, k;
  32   1      
  33   1          _nop_();
  34   1          i = 8;
  35   1          j = 1;
  36   1          k = 243;
  37   1          do {
  38   2              do {
  39   3                  while (--k);
  40   3              } while (--j);
  41   2          } while (--i);
  42   1      }


MODULE INFORMATION:   STATIC OVERLAYABLE
   CODE SIZE        =     46    ----
   CONSTANT SIZE    =   ----    ----
   XDATA SIZE       =   ----    ----
   PDATA SIZE       =   ----    ----
   DATA SIZE        =   ----    ----
   IDATA SIZE       =   ----    ----
   BIT SIZE         =   ----    ----
   EDATA SIZE       =   ----    ----
   HDATA SIZE       =   ----    ----
C51 COMPILER V9.57.0.0   DELAY                                                             05/21/2024 16:11:27 PAGE 2   

   XDATA CONST SIZE =   ----    ----
   FAR CONST SIZE   =   ----    ----
END OF MODULE INFORMATION.


C51 COMPILATION COMPLETE.  0 WARNING(S),  0 ERROR(S)
