C51 COMPILER V9.57.0.0   MAIN                                                              05/08/2024 16:12:00 PAGE 1   


C51 COMPILER V9.57.0.0, COMPILATION OF MODULE MAIN
OBJECT MODULE PLACED IN .\Objects\main.obj
COMPILER INVOKED BY: C:\Keil_v5\C51\BIN\C51.EXE main.c OMF2 OPTIMIZE(8,SPEED) BROWSE DEBUG PRINT(.\Listings\main.lst) OB
                    -JECT(.\Objects\main.obj)

line level    source

   1          /********************************************************************
   2           * File: 
   3           * Description: 
   4           * Version: 
   5           * Date: 
   6           * Author: 
   7           * ---------- Revision History ----------
   8           * <version>
   9           * <date>
  10           * <author>
  11           * <desc>
  12           * Modified to be suitable to the new coding rules in all functions.
  13           ********************************************************************/
  14          
  15          #include "main.h"
  16          
  17          /* User Code Includes */
  18          
  19          /* User Code Define */
  20          #define LED P37
  21          
  22          /* User Code Global Variables */
  23          
  24          /* User Code Function prototypes */
  25          
  26          
  27          /* ------------------------------ Division Line ------------------------------ */
  28          
  29          /**
  30           * @brief Initialize all configured.
  31           */
  32          void setup(void)
  33          {
  34   1          /* put your setup code here, to run once: */
  35   1          LED = HIGH;
  36   1      }
  37          
  38          /**
  39           * @brief The application entry point.
  40           */
  41          void main(void)
  42          {
  43   1          /* Private variables */
  44   1          
  45   1          /* Initialize */
  46   1          setup();
  47   1              /* Infinite loop */
  48   1          while (TRUE){
  49   2              /* put your main code here, to run repeatedly: */
  50   2              LED = LOW;
  51   2              delay_ms(100);
  52   2              LED = HIGH;
  53   2              delay_ms(100);
  54   2          }
C51 COMPILER V9.57.0.0   MAIN                                                              05/08/2024 16:12:00 PAGE 2   

  55   1      }


MODULE INFORMATION:   STATIC OVERLAYABLE
   CODE SIZE        =     26    ----
   CONSTANT SIZE    =   ----    ----
   XDATA SIZE       =   ----    ----
   PDATA SIZE       =   ----    ----
   DATA SIZE        =   ----    ----
   IDATA SIZE       =   ----    ----
   BIT SIZE         =   ----    ----
   EDATA SIZE       =   ----    ----
   HDATA SIZE       =   ----    ----
   XDATA CONST SIZE =   ----    ----
   FAR CONST SIZE   =   ----    ----
END OF MODULE INFORMATION.


C51 COMPILATION COMPLETE.  0 WARNING(S),  0 ERROR(S)
